=== Recompiling ../gopurs ===

> gopurs@0.1.0 build
> spago build && spago bundle --module Main --platform node --outfile bin/gopurs.js --bundle-type app

Reading Spago workspace configuration...

✓ Selecting package to build: gopurs

Downloading dependencies...
Building...
           Src   Lib   All
Warnings     0     0     0
Errors       0     0     0

✓ Build succeeded.

Reading Spago workspace configuration...

✓ Selecting package to build: gopurs

Downloading dependencies...
Building...
           Src   Lib   All
Warnings     0     0     0
Errors       0     0     0

✓ Build succeeded.

Bundling...

  bin/gopurs.js  1.3mb ⚠️

⚡ Done in 54ms

✓ Bundle succeeded.

=== Building project with spago ===
Reading Spago workspace configuration...

✓ Selecting package to build: aff

Downloading dependencies...
Building...
[  3 of 238] Compiling Unsafe.Coerce
[  1 of 238] Compiling Type.Proxy
[  2 of 238] Compiling Type.Equality
[  4 of 238] Compiling Partial
[  5 of 238] Compiling Spago.Generated.BuildInfo
[  6 of 238] Compiling Data.NaturalTransformation
[  7 of 238] Compiling Record.Unsafe
[  8 of 238] Compiling Data.Void
[  9 of 238] Compiling Data.Unit
[ 10 of 238] Compiling Data.Traversable.Accum
[ 11 of 238] Compiling Data.Int.Bits
[ 12 of 238] Compiling Data.Boolean
[ 13 of 238] Compiling Control.Semigroupoid
[ 14 of 238] Compiling Safe.Coerce
[ 15 of 238] Compiling Data.Exists
[ 16 of 238] Compiling Partial.Unsafe
[ 18 of 238] Compiling Control.Lazy
[ 17 of 238] Compiling Data.Function.Uncurried
[ 19 of 238] Compiling Data.Symbol
[ 20 of 238] Compiling Control.Category
[ 22 of 238] Compiling Data.Semiring
[ 21 of 238] Compiling Data.Semigroup
[ 23 of 238] Compiling Data.HeytingAlgebra
[ 24 of 238] Compiling Data.Show
[ 25 of 238] Compiling Data.Generic.Rep
[ 26 of 238] Compiling Data.Ring
[ 27 of 238] Compiling Data.BooleanAlgebra
[ 28 of 238] Compiling Data.Eq
[ 29 of 238] Compiling Data.CommutativeRing
[ 30 of 238] Compiling Data.Ordering
[ 31 of 238] Compiling Data.EuclideanRing
[ 32 of 238] Compiling Data.Ord
[ 33 of 238] Compiling Data.DivisionRing
[ 34 of 238] Compiling Data.Field
[ 35 of 238] Compiling Data.Monoid
[ 36 of 238] Compiling Data.Function
[ 37 of 238] Compiling Data.Reflectable
[ 38 of 238] Compiling Data.Bounded
[ 39 of 238] Compiling Data.Functor
[ 40 of 238] Compiling Control.Alt
[ 41 of 238] Compiling Control.Extend
[ 42 of 238] Compiling Control.Apply
[ 43 of 238] Compiling Data.Bounded.Generic
[ 44 of 238] Compiling Control.Plus
[ 45 of 238] Compiling Data.Monoid.Generic
[ 46 of 238] Compiling Control.Comonad
[ 47 of 238] Compiling Control.Applicative
[ 49 of 238] Compiling Control.Alternative
[ 48 of 238] Compiling Control.Bind
[ 50 of 238] Compiling Control.Monad
[ 51 of 238] Compiling Prelude
[ 52 of 238] Compiling Control.MonadPlus
[ 53 of 238] Compiling Data.Monoid.Endo
[ 54 of 238] Compiling Effect
[ 55 of 238] Compiling Data.Monoid.Disj
[ 56 of 238] Compiling Data.Number.Format
[ 57 of 238] Compiling Control.Monad.Gen.Class
[ 58 of 238] Compiling Data.Monoid.Dual
[ 59 of 238] Compiling Data.Semigroup.First
[ 60 of 238] Compiling Control.Monad.Trans.Class
[ 61 of 238] Compiling Data.Ord.Generic
[ 62 of 238] Compiling Data.Semiring.Generic
[ 63 of 238] Compiling Data.HeytingAlgebra.Generic
[ 64 of 238] Compiling Data.Eq.Generic
[ 65 of 238] Compiling Data.Semigroup.Last
[ 66 of 238] Compiling Data.Monoid.Multiplicative
[ 67 of 238] Compiling Data.Monoid.Additive
[ 68 of 238] Compiling Data.Semigroup.Generic
[ 70 of 238] Compiling Data.Traversable.Accum.Internal
[ 69 of 238] Compiling Control.Monad.Cont.Class
[ 71 of 238] Compiling Data.Show.Generic
[ 72 of 238] Compiling Data.Monoid.Conj
[ 75 of 238] Compiling Effect.Class
[ 74 of 238] Compiling Control.Monad.Reader.Class
[ 76 of 238] Compiling Effect.Unsafe
[ 73 of 238] Compiling Data.Ring.Generic
[ 77 of 238] Compiling Effect.Ref
[ 78 of 238] Compiling Effect.Uncurried
[ 79 of 238] Compiling Effect.Console
[ 80 of 238] Compiling Data.Newtype
[ 81 of 238] Compiling Effect.Class.Console
[ 82 of 238] Compiling Test.Assert
[ 84 of 238] Compiling Data.Ord.Min
[ 83 of 238] Compiling Data.Functor.App
[ 85 of 238] Compiling Data.Time.Duration
[ 86 of 238] Compiling Data.Monoid.Alternate
[ 87 of 238] Compiling Data.Ord.Max
[ 88 of 238] Compiling Data.Ord.Down
[ 89 of 238] Compiling Data.Profunctor
[ 90 of 238] Compiling Data.Profunctor.Closed
[ 91 of 238] Compiling Data.Functor.Invariant
[ 92 of 238] Compiling Data.Functor.Compose
[ 94 of 238] Compiling Data.Identity
[ 93 of 238] Compiling Data.Tuple
[ 95 of 238] Compiling Data.Maybe
[ 96 of 238] Compiling Data.Profunctor.Join
[ 97 of 238] Compiling Data.Profunctor.Split
[ 98 of 238] Compiling Data.Const
[ 99 of 238] Compiling Data.Functor.Contravariant
[101 of 238] Compiling Data.Predicate
[100 of 238] Compiling Data.Comparison
[102 of 238] Compiling Data.Op
[103 of 238] Compiling Data.Equivalence
[105 of 238] Compiling Data.Maybe.First
[104 of 238] Compiling Data.Number
[106 of 238] Compiling Data.Either
[107 of 238] Compiling Data.Maybe.Last
[108 of 238] Compiling Data.Divide
[109 of 238] Compiling Control.Monad.Writer.Class
[110 of 238] Compiling Data.Profunctor.Costrong
[112 of 238] Compiling Data.Number.Approximate
[113 of 238] Compiling Data.Distributive
[114 of 238] Compiling Data.Tuple.Nested
[111 of 238] Compiling Data.Profunctor.Strong
[115 of 238] Compiling Data.Int
[116 of 238] Compiling Control.Monad.State.Class
[117 of 238] Compiling Data.Divisible
[118 of 238] Compiling Effect.Exception
[119 of 238] Compiling Data.Bifunctor
[120 of 238] Compiling Data.Profunctor.Cochoice
[121 of 238] Compiling Data.Either.Inject
[122 of 238] Compiling Data.Decide
[123 of 238] Compiling Data.Either.Nested
[124 of 238] Compiling Data.Profunctor.Choice
[125 of 238] Compiling Performance.Minibench
[126 of 238] Compiling Effect.AVar
[127 of 238] Compiling Control.Monad.Error.Class
[128 of 238] Compiling Effect.Exception.Unsafe
[129 of 238] Compiling Data.Functor.Costar
[130 of 238] Compiling Control.Monad.Rec.Class
[131 of 238] Compiling Data.Functor.Product
[132 of 238] Compiling Control.Biapply
[133 of 238] Compiling Data.Functor.Coproduct
[134 of 238] Compiling Data.Decidable
[135 of 238] Compiling Control.Biapplicative
[136 of 238] Compiling Data.Profunctor.Star
[137 of 238] Compiling Data.Functor.Joker
[138 of 238] Compiling Data.Functor.Flip
[139 of 238] Compiling Data.Functor.Clown
[140 of 238] Compiling Data.Bifunctor.Join
[141 of 238] Compiling Data.Functor.Product2
[142 of 238] Compiling Data.Functor.Product.Nested
[143 of 238] Compiling Data.Foldable
[144 of 238] Compiling Data.Functor.Coproduct.Inject
[145 of 238] Compiling Data.FunctorWithIndex
[146 of 238] Compiling Data.Functor.Coproduct.Nested
[147 of 238] Compiling Control.Monad.ST.Internal
[148 of 238] Compiling Control.Monad.ST
[149 of 238] Compiling Control.Monad.ST.Ref
[150 of 238] Compiling Control.Monad.ST.Uncurried
[151 of 238] Compiling Control.Monad.ST.Global
[152 of 238] Compiling Control.Monad.ST.Class
[153 of 238] Compiling Control.Monad.Writer.Trans
[154 of 238] Compiling Control.Monad.State.Trans
[155 of 238] Compiling Control.Monad.Maybe.Trans
[156 of 238] Compiling Control.Monad.Except.Trans
[157 of 238] Compiling Control.Monad.Cont.Trans
[158 of 238] Compiling Control.Monad.Reader.Trans
[159 of 238] Compiling Control.Monad.RWS.Trans
[160 of 238] Compiling Data.Array.ST
[161 of 238] Compiling Control.Monad.Cont
[162 of 238] Compiling Data.Array.ST.Partial
[163 of 238] Compiling Data.Array.ST.Iterator
[164 of 238] Compiling Control.Monad.State
[165 of 238] Compiling Control.Monad.Writer
[166 of 238] Compiling Control.Monad.Reader
[167 of 238] Compiling Control.Parallel.Class
[168 of 238] Compiling Control.Monad.Except
[169 of 238] Compiling Data.Bifoldable
[170 of 238] Compiling Data.Semigroup.Foldable
[172 of 238] Compiling Data.Traversable
[171 of 238] Compiling Data.FoldableWithIndex
[173 of 238] Compiling Control.Monad.RWS
[174 of 238] Compiling Data.Bitraversable
[175 of 238] Compiling Data.Semigroup.Traversable
[176 of 238] Compiling Control.Monad.Identity.Trans
[177 of 238] Compiling Control.Parallel
[178 of 238] Compiling Effect.Aff
[179 of 238] Compiling Data.Unfoldable1
[180 of 238] Compiling Data.TraversableWithIndex
[181 of 238] Compiling Control.Comonad.Trans.Class
[182 of 238] Compiling Control.Comonad.Traced.Trans
[183 of 238] Compiling Control.Comonad.Store.Trans
[184 of 238] Compiling Data.Unfoldable
[185 of 238] Compiling Control.Monad.Gen
[186 of 238] Compiling Data.Enum
[188 of 238] Compiling Control.Comonad.Env.Trans
[187 of 238] Compiling Data.NonEmpty
[189 of 238] Compiling Data.Array.NonEmpty.Internal
[190 of 238] Compiling Data.Lazy
[191 of 238] Compiling Data.Time.Duration.Gen
[192 of 238] Compiling Data.Array
[193 of 238] Compiling Effect.Aff.Compat
[194 of 238] Compiling Effect.Aff.AVar
[195 of 238] Compiling Test.Bench
[196 of 238] Compiling Control.Comonad.Store.Class
[197 of 238] Compiling Data.Enum.Generic
[198 of 238] Compiling Control.Monad.List.Trans
[199 of 238] Compiling Data.Date.Component
[200 of 238] Compiling Data.Time.Component
[201 of 238] Compiling Control.Comonad.Store
[204 of 238] Compiling Data.Enum.Gen
[202 of 238] Compiling Data.List.Lazy.Types
[203 of 238] Compiling Control.Monad.Gen.Common
[205 of 238] Compiling Data.List.Types
[206 of 238] Compiling Control.Comonad.Env.Class
[207 of 238] Compiling Control.Comonad.Env
[209 of 238] Compiling Data.Time.Component.Gen
[208 of 238] Compiling Data.Time
[210 of 238] Compiling Control.Comonad.Traced.Class
[211 of 238] Compiling Control.Comonad.Traced
[212 of 238] Compiling Data.Date.Component.Gen
[213 of 238] Compiling Data.Date
[214 of 238] Compiling Data.Time.Gen
[216 of 238] Compiling Test.Stress
[217 of 238] Compiling Data.Array.Partial
[215 of 238] Compiling Data.Array.NonEmpty
[218 of 238] Compiling Data.List.Internal
[219 of 238] Compiling Test.Main
[220 of 238] Compiling Effect.Aff.Class
[222 of 238] Compiling Data.Date.Gen
[221 of 238] Compiling Data.DateTime
[224 of 238] Compiling Data.List.Lazy
[223 of 238] Compiling Data.List
[225 of 238] Compiling Data.DateTime.Gen
[226 of 238] Compiling Data.DateTime.Instant
[228 of 238] Compiling Data.List.ZipList
[227 of 238] Compiling Data.List.Lazy.NonEmpty
[229 of 238] Compiling Data.List.Partial
[231 of 238] Compiling Data.List.NonEmpty
[230 of 238] Compiling Data.Map.Internal
[232 of 238] Compiling Data.Set
[233 of 238] Compiling Data.Set.NonEmpty
[234 of 238] Compiling Data.Map
[235 of 238] Compiling Data.Interval.Duration
[236 of 238] Compiling Data.Map.Gen
[237 of 238] Compiling Data.Interval
[238 of 238] Compiling Data.Interval.Duration.Iso
           Src   Lib   All
Warnings     0     0     0
Errors       0     0     0

✓ Build succeeded.

=== Generating Go code with gopurs ===
ACCESSOR mempty, fullName: Data.Monoid.Monoid, in h: true
ACCESSOR mempty fields: ["Semigroup0","mempty"]
ACCESSOR mempty, fullName: Data.Monoid.Monoid, in h: true
ACCESSOR mempty fields: ["Semigroup0","mempty"]
ACCESSOR mempty, fullName: Data.Monoid.Monoid, in h: true
ACCESSOR mempty fields: ["Semigroup0","mempty"]
ACCESSOR mempty, fullName: Data.Monoid.Monoid, in h: true
ACCESSOR mempty fields: ["Semigroup0","mempty"]
ACCESSOR mempty, fullName: Data.Monoid.Monoid, in h: true
ACCESSOR mempty fields: ["Semigroup0","mempty"]
ACCESSOR mempty, fullName: Data.Monoid.Monoid, in h: true
ACCESSOR mempty fields: ["Semigroup0","mempty"]
ACCESSOR mempty, fullName: Data.Monoid.Monoid, in h: true
ACCESSOR mempty fields: ["Semigroup0","mempty"]
ACCESSOR mempty, fullName: Data.Monoid.Monoid, in h: true
ACCESSOR mempty fields: ["Semigroup0","mempty"]
ACCESSOR mempty, fullName: Data.Monoid.Monoid, in h: true
ACCESSOR mempty fields: ["Semigroup0","mempty"]
ACCESSOR mempty, fullName: Data.Monoid.Monoid, in h: true
ACCESSOR mempty fields: ["Semigroup0","mempty"]
ACCESSOR mempty, fullName: Data.Monoid.Monoid, in h: true
ACCESSOR mempty fields: ["Semigroup0","mempty"]
ACCESSOR mempty, fullName: Data.Monoid.Monoid, in h: true
ACCESSOR mempty fields: ["Semigroup0","mempty"]
ACCESSOR mempty, fullName: Data.Monoid.Monoid, in h: true
ACCESSOR mempty fields: ["Semigroup0","mempty"]
ACCESSOR mempty, fullName: Data.Monoid.Monoid, in h: true
ACCESSOR mempty fields: ["Semigroup0","mempty"]
ACCESSOR mempty, fullName: Data.Monoid.Monoid, in h: true
ACCESSOR mempty fields: ["Semigroup0","mempty"]
ACCESSOR mempty, fullName: Data.Monoid.Monoid, in h: true
ACCESSOR mempty fields: ["Semigroup0","mempty"]
ACCESSOR mempty, fullName: Data.Monoid.Monoid, in h: true
ACCESSOR mempty fields: ["Semigroup0","mempty"]
ACCESSOR mempty, fullName: Data.Monoid.Monoid, in h: true
ACCESSOR mempty fields: ["Semigroup0","mempty"]
ACCESSOR mempty, fullName: Data.Monoid.Monoid, in h: true
ACCESSOR mempty fields: ["Semigroup0","mempty"]
ACCESSOR mempty, fullName: Data.Monoid.Monoid, in h: true
ACCESSOR mempty fields: ["Semigroup0","mempty"]
ACCESSOR mempty, fullName: Data.Monoid.Monoid, in h: true
ACCESSOR mempty fields: ["Semigroup0","mempty"]
ACCESSOR mempty, fullName: Data.Monoid.Monoid, in h: true
ACCESSOR mempty fields: ["Semigroup0","mempty"]
ACCESSOR mempty, fullName: Data.Monoid.Monoid, in h: true
ACCESSOR mempty fields: ["Semigroup0","mempty"]
ACCESSOR mempty, fullName: Data.Monoid.Monoid, in h: true
ACCESSOR mempty fields: ["Semigroup0","mempty"]
ACCESSOR mempty, fullName: Data.Monoid.Monoid, in h: true
ACCESSOR mempty fields: ["Semigroup0","mempty"]
ACCESSOR mempty, fullName: Data.Monoid.Monoid, in h: true
ACCESSOR mempty fields: ["Semigroup0","mempty"]
ACCESSOR mempty, fullName: Data.Monoid.Monoid, in h: true
ACCESSOR mempty fields: ["Semigroup0","mempty"]
ACCESSOR mempty, fullName: Data.Monoid.Monoid, in h: true
ACCESSOR mempty fields: ["Semigroup0","mempty"]
ACCESSOR mempty, fullName: Data.Monoid.Monoid, in h: true
ACCESSOR mempty fields: ["Semigroup0","mempty"]
ACCESSOR mempty, fullName: Data.Monoid.Monoid, in h: true
ACCESSOR mempty fields: ["Semigroup0","mempty"]
ACCESSOR mempty, fullName: Data.Monoid.Monoid, in h: true
ACCESSOR mempty fields: ["Semigroup0","mempty"]
ACCESSOR mempty, fullName: Data.Monoid.Monoid, in h: true
ACCESSOR mempty fields: ["Semigroup0","mempty"]
ACCESSOR mempty, fullName: Data.Monoid.Monoid, in h: true
ACCESSOR mempty fields: ["Semigroup0","mempty"]
ACCESSOR mempty, fullName: Data.Monoid.Monoid, in h: true
ACCESSOR mempty fields: ["Semigroup0","mempty"]
ACCESSOR mempty, fullName: Data.Monoid.Monoid, in h: true
ACCESSOR mempty fields: ["Semigroup0","mempty"]
ACCESSOR mempty, fullName: Data.Monoid.Monoid, in h: true
ACCESSOR mempty fields: ["Semigroup0","mempty"]
ACCESSOR mempty, fullName: Data.Monoid.Monoid, in h: true
ACCESSOR mempty fields: ["Semigroup0","mempty"]
ACCESSOR mempty, fullName: Data.Monoid.Monoid, in h: true
ACCESSOR mempty fields: ["Semigroup0","mempty"]
ACCESSOR mempty, fullName: Data.Monoid.Monoid, in h: true
ACCESSOR mempty fields: ["Semigroup0","mempty"]
=== Compiling and running Go test binary ===
[OK] liftEffect
[OK] try/throw
[OK] pure
[OK] try
[OK] bind
[OK] delay
[OK] fork
[OK] join
[OK] join/throw
[OK] join/throw/sync
[OK] join/multi
[OK] suspend
[OK] makeAff
[OK] bracket
[OK] bracket/nested
[OK] bracket/general
[OK] supervise
panic: Key 'mempty' not found in record. Object type: 13, String value: '', Object: {Type:13 IntVal:0 UnsafePtr:0x5d629fa90ae0}
	

goroutine 57 [running]:
gopurs/output/gopurs_runtime.RecordGet({0xd, 0x0, 0x5d629fa90ae0}, {0x102a29e6b?, 0x6?})
	/Users/0x1/Documents/htdocs/gopurs/gopurs-aff/output/gopurs_runtime/runtime.go:347 +0x63c
gopurs/output/purescript.Get_Effect_Aff_never.func1.1.1.1({0x5d629f8f8200?, 0x0?, 0x5d629fa90ae0?})
	/Users/0x1/Documents/htdocs/gopurs/gopurs-aff/output/purescript/Effect_Aff.go:1024 +0x2c
gopurs/output/gopurs_runtime.Apply({0x1, 0x0, 0x102ba8da8}, {0x102b76b30?, 0x102be0a10?, 0x5d629fa90ae0?})
	/Users/0x1/Documents/htdocs/gopurs/gopurs-aff/output/gopurs_runtime/runtime.go:484 +0x6c
gopurs/output/purescript.init.func196.1.2.2.1({0x102b751c0?, 0x5d629fa3e4d0?})
	/Users/0x1/Documents/htdocs/gopurs/gopurs-aff/output/purescript/Effect_Aff_ffi.go:685 +0x6c
gopurs/output/purescript.Effect_Aff__MakeAffImpl.1({0x102ba88a0, 0x5d629fa267d0})
	/Users/0x1/Documents/htdocs/gopurs/gopurs-aff/output/purescript/Effect_Aff_ffi.go:122 +0x180
gopurs/output/purescript.runAffSync(0x1?, {0x102ba88a0, 0x5d629fa267d0})
	/Users/0x1/Documents/htdocs/gopurs/gopurs-aff/output/purescript/Effect_Aff_ffi.go:25 +0x78
gopurs/output/purescript.Effect_Aff__ForkAffNative.func1.2()
	/Users/0x1/Documents/htdocs/gopurs/gopurs-aff/output/purescript/Effect_Aff_ffi.go:233 +0x6c
created by gopurs/output/purescript.Effect_Aff__ForkAffNative.func1 in goroutine 12
	/Users/0x1/Documents/htdocs/gopurs/gopurs-aff/output/purescript/Effect_Aff_ffi.go:229 +0x2ac
